0 verbose cli /opt/homebrew/Cellar/node/25.6.1/bin/node /opt/homebrew/bin/npm
1 info using npm@11.9.0
2 info using node@v25.6.1
3 silly config load:file:/opt/homebrew/lib/node_modules/npm/npmrc
4 silly config load:file:/Users/macbook/Downloads/Alwakeelo/.npmrc
5 warn config production Use `--omit=dev` instead.
6 silly config load:file:/Users/macbook/.npmrc
7 silly config load:file:/opt/homebrew/etc/npmrc
8 verbose title npm install
9 verbose argv "install" "--no-audit" "--no-fund"
10 verbose logfile logs-max:10 dir:/Users/macbook/Downloads/Alwakeelo/.npm-cache/_logs/2026-02-28T09_47_21_088Z-
11 verbose logfile /Users/macbook/Downloads/Alwakeelo/.npm-cache/_logs/2026-02-28T09_47_21_088Z-debug-0.log
12 silly logfile done cleaning log files
13 silly packumentCache heap:4496293888 maxSize:1124073472 maxEntrySize:562036736
14 http fetch GET https://registry.npmjs.org/npm attempt 1 failed with ENOTFOUND
15 verbose shrinkwrap failed to load node_modules/.package-lock.json out of date, updated: node_modules
16 silly idealTree buildDeps
17 silly reify mark retired [ '/Users/macbook/Downloads/Alwakeelo/node_modules/argparse' ]
18 silly reify mark retired [
18 silly reify   '/Users/macbook/Downloads/Alwakeelo/node_modules/base64-arraybuffer'
18 silly reify ]
19 silly reify mark retired [ '/Users/macbook/Downloads/Alwakeelo/node_modules/bluebird' ]
20 silly reify mark retired [ '/Users/macbook/Downloads/Alwakeelo/node_modules/canvg' ]
21 silly reify mark retired [ '/Users/macbook/Downloads/Alwakeelo/node_modules/core-js' ]
22 silly reify mark retired [ '/Users/macbook/Downloads/Alwakeelo/node_modules/css-line-break' ]
23 silly reify mark retired [
23 silly reify   '/Users/macbook/Downloads/Alwakeelo/node_modules/dingbat-to-unicode'
23 silly reify ]
24 silly reify mark retired [ '/Users/macbook/Downloads/Alwakeelo/node_modules/dompurify' ]
25 silly reify mark retired [ '/Users/macbook/Downloads/Alwakeelo/node_modules/duck' ]
26 silly reify mark retired [ '/Users/macbook/Downloads/Alwakeelo/node_modules/fast-png' ]
27 silly reify mark retired [ '/Users/macbook/Downloads/Alwakeelo/node_modules/fflate' ]
28 silly reify mark retired [ '/Users/macbook/Downloads/Alwakeelo/node_modules/html2canvas' ]
29 silly reify mark retired [ '/Users/macbook/Downloads/Alwakeelo/node_modules/immediate' ]
30 silly reify mark retired [ '/Users/macbook/Downloads/Alwakeelo/node_modules/iobuffer' ]
31 silly reify mark retired [ '/Users/macbook/Downloads/Alwakeelo/node_modules/jspdf' ]
32 silly reify mark retired [ '/Users/macbook/Downloads/Alwakeelo/node_modules/lie' ]
33 silly reify mark retired [ '/Users/macbook/Downloads/Alwakeelo/node_modules/jszip' ]
34 silly reify mark retired [ '/Users/macbook/Downloads/Alwakeelo/node_modules/lop' ]
35 silly reify mark retired [ '/Users/macbook/Downloads/Alwakeelo/node_modules/mammoth' ]
36 silly reify mark retired [ '/Users/macbook/Downloads/Alwakeelo/node_modules/option' ]
37 silly reify mark retired [ '/Users/macbook/Downloads/Alwakeelo/node_modules/pako' ]
38 silly reify mark retired [ '/Users/macbook/Downloads/Alwakeelo/node_modules/path-is-absolute' ]
39 silly reify mark retired [ '/Users/macbook/Downloads/Alwakeelo/node_modules/performance-now' ]
40 silly reify mark retired [ '/Users/macbook/Downloads/Alwakeelo/node_modules/raf' ]
41 silly reify mark retired [
41 silly reify   '/Users/macbook/Downloads/Alwakeelo/node_modules/regenerator-runtime'
41 silly reify ]
42 silly reify mark retired [ '/Users/macbook/Downloads/Alwakeelo/node_modules/rgbcolor' ]
43 silly reify mark retired [ '/Users/macbook/Downloads/Alwakeelo/node_modules/setimmediate' ]
44 silly reify mark retired [ '/Users/macbook/Downloads/Alwakeelo/node_modules/stackblur-canvas' ]
45 silly reify mark retired [ '/Users/macbook/Downloads/Alwakeelo/node_modules/sprintf-js' ]
46 silly reify mark retired [ '/Users/macbook/Downloads/Alwakeelo/node_modules/svg-pathdata' ]
47 silly reify mark retired [ '/Users/macbook/Downloads/Alwakeelo/node_modules/text-segmentation' ]
48 silly reify mark retired [ '/Users/macbook/Downloads/Alwakeelo/node_modules/underscore' ]
49 silly reify mark retired [ '/Users/macbook/Downloads/Alwakeelo/node_modules/utrie' ]
50 silly reify mark retired [ '/Users/macbook/Downloads/Alwakeelo/node_modules/xmlbuilder' ]
51 silly reify mark retired [ '/Users/macbook/Downloads/Alwakeelo/node_modules/@babel/runtime' ]
52 silly reify mark retired [ '/Users/macbook/Downloads/Alwakeelo/node_modules/@types/pako' ]
53 silly reify mark retired [ '/Users/macbook/Downloads/Alwakeelo/node_modules/@types/raf' ]
54 silly reify mark retired [
54 silly reify   '/Users/macbook/Downloads/Alwakeelo/node_modules/@types/trusted-types'
54 silly reify ]
55 silly reify mark retired [ '/Users/macbook/Downloads/Alwakeelo/node_modules/@xmldom/xmldom' ]
56 silly reify mark retired [
56 silly reify   '/Users/macbook/Downloads/Alwakeelo/node_modules/sucrase',
56 silly reify   '/Users/macbook/Downloads/Alwakeelo/node_modules/.bin/sucrase',
56 silly reify   '/Users/macbook/Downloads/Alwakeelo/node_modules/.bin/sucrase-node'
56 silly reify ]
57 silly reify moves {
57 silly reify   '/Users/macbook/Downloads/Alwakeelo/node_modules/argparse': '/Users/macbook/Downloads/Alwakeelo/node_modules/.argparse-5cjz80bV',
57 silly reify   '/Users/macbook/Downloads/Alwakeelo/node_modules/base64-arraybuffer': '/Users/macbook/Downloads/Alwakeelo/node_modules/.base64-arraybuffer-hU2NWF88',
57 silly reify   '/Users/macbook/Downloads/Alwakeelo/node_modules/bluebird': '/Users/macbook/Downloads/Alwakeelo/node_modules/.bluebird-0HPi3I9W',
57 silly reify   '/Users/macbook/Downloads/Alwakeelo/node_modules/canvg': '/Users/macbook/Downloads/Alwakeelo/node_modules/.canvg-Sp5XTXkg',
57 silly reify   '/Users/macbook/Downloads/Alwakeelo/node_modules/core-js': '/Users/macbook/Downloads/Alwakeelo/node_modules/.core-js-AVhZi4I6',
57 silly reify   '/Users/macbook/Downloads/Alwakeelo/node_modules/css-line-break': '/Users/macbook/Downloads/Alwakeelo/node_modules/.css-line-break-luyxZ5Bz',
57 silly reify   '/Users/macbook/Downloads/Alwakeelo/node_modules/dingbat-to-unicode': '/Users/macbook/Downloads/Alwakeelo/node_modules/.dingbat-to-unicode-9z0pKO4x',
57 silly reify   '/Users/macbook/Downloads/Alwakeelo/node_modules/dompurify': '/Users/macbook/Downloads/Alwakeelo/node_modules/.dompurify-Rc4D4472',
57 silly reify   '/Users/macbook/Downloads/Alwakeelo/node_modules/duck': '/Users/macbook/Downloads/Alwakeelo/node_modules/.duck-m2rYAUCO',
57 silly reify   '/Users/macbook/Downloads/Alwakeelo/node_modules/fast-png': '/Users/macbook/Downloads/Alwakeelo/node_modules/.fast-png-mUuLZYOO',
57 silly reify   '/Users/macbook/Downloads/Alwakeelo/node_modules/fflate': '/Users/macbook/Downloads/Alwakeelo/node_modules/.fflate-cR5rOirG',
57 silly reify   '/Users/macbook/Downloads/Alwakeelo/node_modules/html2canvas': '/Users/macbook/Downloads/Alwakeelo/node_modules/.html2canvas-nNTdojOy',
57 silly reify   '/Users/macbook/Downloads/Alwakeelo/node_modules/immediate': '/Users/macbook/Downloads/Alwakeelo/node_modules/.immediate-b2unGlFC',
57 silly reify   '/Users/macbook/Downloads/Alwakeelo/node_modules/iobuffer': '/Users/macbook/Downloads/Alwakeelo/node_modules/.iobuffer-Lpcj0dOv',
57 silly reify   '/Users/macbook/Downloads/Alwakeelo/node_modules/jspdf': '/Users/macbook/Downloads/Alwakeelo/node_modules/.jspdf-WZLjKCQw',
57 silly reify   '/Users/macbook/Downloads/Alwakeelo/node_modules/lie': '/Users/macbook/Downloads/Alwakeelo/node_modules/.lie-65PHu2Af',
57 silly reify   '/Users/macbook/Downloads/Alwakeelo/node_modules/jszip': '/Users/macbook/Downloads/Alwakeelo/node_modules/.jszip-1xMuw2at',
57 silly reify   '/Users/macbook/Downloads/Alwakeelo/node_modules/lop': '/Users/macbook/Downloads/Alwakeelo/node_modules/.lop-hbKtEhjZ',
57 silly reify   '/Users/macbook/Downloads/Alwakeelo/node_modules/mammoth': '/Users/macbook/Downloads/Alwakeelo/node_modules/.mammoth-iV1btwvN',
57 silly reify   '/Users/macbook/Downloads/Alwakeelo/node_modules/option': '/Users/macbook/Downloads/Alwakeelo/node_modules/.option-bhjcbYog',
57 silly reify   '/Users/macbook/Downloads/Alwakeelo/node_modules/pako': '/Users/macbook/Downloads/Alwakeelo/node_modules/.pako-vK8d3a4l',
57 silly reify   '/Users/macbook/Downloads/Alwakeelo/node_modules/path-is-absolute': '/Users/macbook/Downloads/Alwakeelo/node_modules/.path-is-absolute-GDs08RqT',
57 silly reify   '/Users/macbook/Downloads/Alwakeelo/node_modules/performance-now': '/Users/macbook/Downloads/Alwakeelo/node_modules/.performance-now-THkGO4HD',
57 silly reify   '/Users/macbook/Downloads/Alwakeelo/node_modules/raf': '/Users/macbook/Downloads/Alwakeelo/node_modules/.raf-xkNQmt3q',
57 silly reify   '/Users/macbook/Downloads/Alwakeelo/node_modules/regenerator-runtime': '/Users/macbook/Downloads/Alwakeelo/node_modules/.regenerator-runtime-xtZ3zkGN',
57 silly reify   '/Users/macbook/Downloads/Alwakeelo/node_modules/rgbcolor': '/Users/macbook/Downloads/Alwakeelo/node_modules/.rgbcolor-cCREDO35',
57 silly reify   '/Users/macbook/Downloads/Alwakeelo/node_modules/setimmediate': '/Users/macbook/Downloads/Alwakeelo/node_modules/.setimmediate-GntnMcZv',
57 silly reify   '/Users/macbook/Downloads/Alwakeelo/node_modules/stackblur-canvas': '/Users/macbook/Downloads/Alwakeelo/node_modules/.stackblur-canvas-9GgutxCJ',
57 silly reify   '/Users/macbook/Downloads/Alwakeelo/node_modules/sprintf-js': '/Users/macbook/Downloads/Alwakeelo/node_modules/.sprintf-js-19d3lwRu',
57 silly reify   '/Users/macbook/Downloads/Alwakeelo/node_modules/svg-pathdata': '/Users/macbook/Downloads/Alwakeelo/node_modules/.svg-pathdata-civD7yD3',
57 silly reify   '/Users/macbook/Downloads/Alwakeelo/node_modules/text-segmentation': '/Users/macbook/Downloads/Alwakeelo/node_modules/.text-segmentation-jNgKf0Dm',
57 silly reify   '/Users/macbook/Downloads/Alwakeelo/node_modules/underscore': '/Users/macbook/Downloads/Alwakeelo/node_modules/.underscore-ZwNdmBCG',
57 silly reify   '/Users/macbook/Downloads/Alwakeelo/node_modules/utrie': '/Users/macbook/Downloads/Alwakeelo/node_modules/.utrie-Kr1LRuzr',
57 silly reify   '/Users/macbook/Downloads/Alwakeelo/node_modules/xmlbuilder': '/Users/macbook/Downloads/Alwakeelo/node_modules/.xmlbuilder-G0m8SO9G',
57 silly reify   '/Users/macbook/Downloads/Alwakeelo/node_modules/@babel/runtime': '/Users/macbook/Downloads/Alwakeelo/node_modules/@babel/.runtime-DpC7HkMV',
57 silly reify   '/Users/macbook/Downloads/Alwakeelo/node_modules/@types/pako': '/Users/macbook/Downloads/Alwakeelo/node_modules/@types/.pako-gb59ryeS',
57 silly reify   '/Users/macbook/Downloads/Alwakeelo/node_modules/@types/raf': '/Users/macbook/Downloads/Alwakeelo/node_modules/@types/.raf-pagmEpWJ',
57 silly reify   '/Users/macbook/Downloads/Alwakeelo/node_modules/@types/trusted-types': '/Users/macbook/Downloads/Alwakeelo/node_modules/@types/.trusted-types-Ty3BzQH5',
57 silly reify   '/Users/macbook/Downloads/Alwakeelo/node_modules/@xmldom/xmldom': '/Users/macbook/Downloads/Alwakeelo/node_modules/@xmldom/.xmldom-eUCDgX9u',
57 silly reify   '/Users/macbook/Downloads/Alwakeelo/node_modules/sucrase': '/Users/macbook/Downloads/Alwakeelo/node_modules/.sucrase-zxqcCHeQ',
57 silly reify   '/Users/macbook/Downloads/Alwakeelo/node_modules/.bin/sucrase': '/Users/macbook/Downloads/Alwakeelo/node_modules/.bin/.sucrase-yhwGl3NA',
57 silly reify   '/Users/macbook/Downloads/Alwakeelo/node_modules/.bin/sucrase-node': '/Users/macbook/Downloads/Alwakeelo/node_modules/.bin/.sucrase-node-ds9pZ7qf'
57 silly reify }
58 http cache @xmldom/xmldom@https://registry.npmjs.org/@xmldom/xmldom/-/xmldom-0.8.11.tgz 0ms (cache hit)
59 http cache @types/trusted-types@https://registry.npmjs.org/@types/trusted-types/-/trusted-types-2.0.7.tgz 0ms (cache hit)
60 http cache @types/raf@https://registry.npmjs.org/@types/raf/-/raf-3.4.3.tgz 0ms (cache hit)
61 http cache xmlbuilder@https://registry.npmjs.org/xmlbuilder/-/xmlbuilder-10.1.1.tgz 0ms (cache hit)
62 http cache text-segmentation@https://registry.npmjs.org/text-segmentation/-/text-segmentation-1.0.3.tgz 0ms (cache hit)
63 http cache utrie@https://registry.npmjs.org/utrie/-/utrie-1.0.2.tgz 0ms (cache hit)
64 http cache underscore@https://registry.npmjs.org/underscore/-/underscore-1.13.7.tgz 0ms (cache hit)
65 http cache sprintf-js@https://registry.npmjs.org/sprintf-js/-/sprintf-js-1.0.3.tgz 0ms (cache hit)
66 http cache svg-pathdata@https://registry.npmjs.org/svg-pathdata/-/svg-pathdata-6.0.3.tgz 0ms (cache hit)
67 http cache stackblur-canvas@https://registry.npmjs.org/stackblur-canvas/-/stackblur-canvas-2.7.0.tgz 0ms (cache hit)
68 http cache @types/pako@https://registry.npmjs.org/@types/pako/-/pako-2.0.4.tgz 0ms (cache hit)
69 http cache setimmediate@https://registry.npmjs.org/setimmediate/-/setimmediate-1.0.5.tgz 0ms (cache hit)
70 http cache regenerator-runtime@https://registry.npmjs.org/regenerator-runtime/-/regenerator-runtime-0.13.11.tgz 0ms (cache hit)
71 http cache @babel/runtime@https://registry.npmjs.org/@babel/runtime/-/runtime-7.28.6.tgz 0ms (cache hit)
72 http cache performance-now@https://registry.npmjs.org/performance-now/-/performance-now-2.1.0.tgz 0ms (cache hit)
73 http cache rgbcolor@https://registry.npmjs.org/rgbcolor/-/rgbcolor-1.0.1.tgz 0ms (cache hit)
74 http cache mammoth@https://registry.npmjs.org/mammoth/-/mammoth-1.11.0.tgz 0ms (cache hit)
75 http cache sucrase@https://registry.npmjs.org/sucrase/-/sucrase-3.35.0.tgz 0ms (cache hit)
76 http cache lop@https://registry.npmjs.org/lop/-/lop-0.4.2.tgz 0ms (cache hit)
77 http cache raf@https://registry.npmjs.org/raf/-/raf-3.4.1.tgz 0ms (cache hit)
78 http cache jszip@https://registry.npmjs.org/jszip/-/jszip-3.10.1.tgz 0ms (cache hit)
79 http cache path-is-absolute@https://registry.npmjs.org/path-is-absolute/-/path-is-absolute-1.0.1.tgz 0ms (cache hit)
80 http cache lie@https://registry.npmjs.org/lie/-/lie-3.3.0.tgz 0ms (cache hit)
81 http cache pako@https://registry.npmjs.org/pako/-/pako-1.0.11.tgz 0ms (cache hit)
82 http cache option@https://registry.npmjs.org/option/-/option-0.2.4.tgz 0ms (cache hit)
83 http cache iobuffer@https://registry.npmjs.org/iobuffer/-/iobuffer-5.4.0.tgz 0ms (cache hit)
84 http cache fflate@https://registry.npmjs.org/fflate/-/fflate-0.8.2.tgz 0ms (cache hit)
85 http cache fast-png@https://registry.npmjs.org/fast-png/-/fast-png-6.4.0.tgz 0ms (cache hit)
86 http cache duck@https://registry.npmjs.org/duck/-/duck-0.1.12.tgz 0ms (cache hit)
87 http cache dingbat-to-unicode@https://registry.npmjs.org/dingbat-to-unicode/-/dingbat-to-unicode-1.0.1.tgz 0ms (cache hit)
88 http cache dompurify@https://registry.npmjs.org/dompurify/-/dompurify-3.3.1.tgz 0ms (cache hit)
89 http cache html2canvas@https://registry.npmjs.org/html2canvas/-/html2canvas-1.4.1.tgz 0ms (cache hit)
90 http cache css-line-break@https://registry.npmjs.org/css-line-break/-/css-line-break-2.1.0.tgz 0ms (cache hit)
91 http cache canvg@https://registry.npmjs.org/canvg/-/canvg-3.0.11.tgz 0ms (cache hit)
92 http cache bluebird@https://registry.npmjs.org/bluebird/-/bluebird-3.4.7.tgz 0ms (cache hit)
93 http cache base64-arraybuffer@https://registry.npmjs.org/base64-arraybuffer/-/base64-arraybuffer-1.0.2.tgz 0ms (cache hit)
94 http cache core-js@https://registry.npmjs.org/core-js/-/core-js-3.48.0.tgz 0ms (cache hit)
95 http cache argparse@https://registry.npmjs.org/argparse/-/argparse-1.0.10.tgz 0ms (cache hit)
96 http cache immediate@https://registry.npmjs.org/immediate/-/immediate-3.0.6.tgz 0ms (cache hit)
97 http cache jspdf@https://registry.npmjs.org/jspdf/-/jspdf-4.2.0.tgz 0ms (cache hit)
98 http cache pako@https://registry.npmjs.org/pako/-/pako-2.1.0.tgz 0ms (cache hit)
99 silly tarball no local data for @xmldom/xmldom@https://registry.npmjs.org/@xmldom/xmldom/-/xmldom-0.8.11.tgz. Extracting by manifest.
100 silly tarball no local data for @types/trusted-types@https://registry.npmjs.org/@types/trusted-types/-/trusted-types-2.0.7.tgz. Extracting by manifest.
101 silly tarball no local data for @types/raf@https://registry.npmjs.org/@types/raf/-/raf-3.4.3.tgz. Extracting by manifest.
102 silly tarball no local data for xmlbuilder@https://registry.npmjs.org/xmlbuilder/-/xmlbuilder-10.1.1.tgz. Extracting by manifest.
103 silly tarball no local data for text-segmentation@https://registry.npmjs.org/text-segmentation/-/text-segmentation-1.0.3.tgz. Extracting by manifest.
104 silly tarball no local data for utrie@https://registry.npmjs.org/utrie/-/utrie-1.0.2.tgz. Extracting by manifest.
105 silly tarball no local data for underscore@https://registry.npmjs.org/underscore/-/underscore-1.13.7.tgz. Extracting by manifest.
106 silly tarball no local data for sprintf-js@https://registry.npmjs.org/sprintf-js/-/sprintf-js-1.0.3.tgz. Extracting by manifest.
107 silly tarball no local data for svg-pathdata@https://registry.npmjs.org/svg-pathdata/-/svg-pathdata-6.0.3.tgz. Extracting by manifest.
108 silly tarball no local data for stackblur-canvas@https://registry.npmjs.org/stackblur-canvas/-/stackblur-canvas-2.7.0.tgz. Extracting by manifest.
109 silly tarball no local data for @types/pako@https://registry.npmjs.org/@types/pako/-/pako-2.0.4.tgz. Extracting by manifest.
110 silly tarball no local data for setimmediate@https://registry.npmjs.org/setimmediate/-/setimmediate-1.0.5.tgz. Extracting by manifest.
111 silly tarball no local data for regenerator-runtime@https://registry.npmjs.org/regenerator-runtime/-/regenerator-runtime-0.13.11.tgz. Extracting by manifest.
112 silly tarball no local data for @babel/runtime@https://registry.npmjs.org/@babel/runtime/-/runtime-7.28.6.tgz. Extracting by manifest.
113 silly tarball no local data for performance-now@https://registry.npmjs.org/performance-now/-/performance-now-2.1.0.tgz. Extracting by manifest.
114 silly tarball no local data for rgbcolor@https://registry.npmjs.org/rgbcolor/-/rgbcolor-1.0.1.tgz. Extracting by manifest.
115 silly tarball no local data for mammoth@https://registry.npmjs.org/mammoth/-/mammoth-1.11.0.tgz. Extracting by manifest.
116 silly tarball no local data for sucrase@https://registry.npmjs.org/sucrase/-/sucrase-3.35.0.tgz. Extracting by manifest.
117 silly tarball no local data for lop@https://registry.npmjs.org/lop/-/lop-0.4.2.tgz. Extracting by manifest.
118 silly tarball no local data for raf@https://registry.npmjs.org/raf/-/raf-3.4.1.tgz. Extracting by manifest.
119 silly tarball no local data for jszip@https://registry.npmjs.org/jszip/-/jszip-3.10.1.tgz. Extracting by manifest.
120 silly tarball no local data for path-is-absolute@https://registry.npmjs.org/path-is-absolute/-/path-is-absolute-1.0.1.tgz. Extracting by manifest.
121 silly tarball no local data for lie@https://registry.npmjs.org/lie/-/lie-3.3.0.tgz. Extracting by manifest.
122 silly tarball no local data for pako@https://registry.npmjs.org/pako/-/pako-1.0.11.tgz. Extracting by manifest.
123 silly tarball no local data for option@https://registry.npmjs.org/option/-/option-0.2.4.tgz. Extracting by manifest.
124 silly tarball no local data for iobuffer@https://registry.npmjs.org/iobuffer/-/iobuffer-5.4.0.tgz. Extracting by manifest.
125 silly tarball no local data for fflate@https://registry.npmjs.org/fflate/-/fflate-0.8.2.tgz. Extracting by manifest.
126 silly tarball no local data for fast-png@https://registry.npmjs.org/fast-png/-/fast-png-6.4.0.tgz. Extracting by manifest.
127 silly tarball no local data for duck@https://registry.npmjs.org/duck/-/duck-0.1.12.tgz. Extracting by manifest.
128 silly tarball no local data for dingbat-to-unicode@https://registry.npmjs.org/dingbat-to-unicode/-/dingbat-to-unicode-1.0.1.tgz. Extracting by manifest.
129 silly tarball no local data for dompurify@https://registry.npmjs.org/dompurify/-/dompurify-3.3.1.tgz. Extracting by manifest.
130 silly tarball no local data for html2canvas@https://registry.npmjs.org/html2canvas/-/html2canvas-1.4.1.tgz. Extracting by manifest.
131 silly tarball no local data for css-line-break@https://registry.npmjs.org/css-line-break/-/css-line-break-2.1.0.tgz. Extracting by manifest.
132 silly tarball no local data for canvg@https://registry.npmjs.org/canvg/-/canvg-3.0.11.tgz. Extracting by manifest.
133 silly tarball no local data for bluebird@https://registry.npmjs.org/bluebird/-/bluebird-3.4.7.tgz. Extracting by manifest.
134 silly tarball no local data for base64-arraybuffer@https://registry.npmjs.org/base64-arraybuffer/-/base64-arraybuffer-1.0.2.tgz. Extracting by manifest.
135 silly tarball no local data for core-js@https://registry.npmjs.org/core-js/-/core-js-3.48.0.tgz. Extracting by manifest.
136 silly tarball no local data for argparse@https://registry.npmjs.org/argparse/-/argparse-1.0.10.tgz. Extracting by manifest.
137 silly tarball no local data for immediate@https://registry.npmjs.org/immediate/-/immediate-3.0.6.tgz. Extracting by manifest.
138 silly tarball no local data for jspdf@https://registry.npmjs.org/jspdf/-/jspdf-4.2.0.tgz. Extracting by manifest.
139 silly tarball no local data for pako@https://registry.npmjs.org/pako/-/pako-2.1.0.tgz. Extracting by manifest.
140 http fetch GET https://registry.npmjs.org/@xmldom/xmldom/-/xmldom-0.8.11.tgz attempt 1 failed with ENOTFOUND
141 http fetch GET https://registry.npmjs.org/@types/trusted-types/-/trusted-types-2.0.7.tgz attempt 1 failed with ENOTFOUND
142 http fetch GET https://registry.npmjs.org/@types/raf/-/raf-3.4.3.tgz attempt 1 failed with ENOTFOUND
143 http fetch GET https://registry.npmjs.org/xmlbuilder/-/xmlbuilder-10.1.1.tgz attempt 1 failed with ENOTFOUND
144 http fetch GET https://registry.npmjs.org/text-segmentation/-/text-segmentation-1.0.3.tgz attempt 1 failed with ENOTFOUND
145 http fetch GET https://registry.npmjs.org/utrie/-/utrie-1.0.2.tgz attempt 1 failed with ENOTFOUND
146 http fetch GET https://registry.npmjs.org/underscore/-/underscore-1.13.7.tgz attempt 1 failed with ENOTFOUND
147 http fetch GET https://registry.npmjs.org/sprintf-js/-/sprintf-js-1.0.3.tgz attempt 1 failed with ENOTFOUND
148 http fetch GET https://registry.npmjs.org/svg-pathdata/-/svg-pathdata-6.0.3.tgz attempt 1 failed with ENOTFOUND
149 http fetch GET https://registry.npmjs.org/stackblur-canvas/-/stackblur-canvas-2.7.0.tgz attempt 1 failed with ENOTFOUND
150 http fetch GET https://registry.npmjs.org/@types/pako/-/pako-2.0.4.tgz attempt 1 failed with ENOTFOUND
151 http fetch GET https://registry.npmjs.org/setimmediate/-/setimmediate-1.0.5.tgz attempt 1 failed with ENOTFOUND
152 http fetch GET https://registry.npmjs.org/regenerator-runtime/-/regenerator-runtime-0.13.11.tgz attempt 1 failed with ENOTFOUND
153 http fetch GET https://registry.npmjs.org/@babel/runtime/-/runtime-7.28.6.tgz attempt 1 failed with ENOTFOUND
154 http fetch GET https://registry.npmjs.org/performance-now/-/performance-now-2.1.0.tgz attempt 1 failed with ENOTFOUND
155 http fetch GET https://registry.npmjs.org/npm attempt 2 failed with ENOTFOUND
156 http fetch GET https://registry.npmjs.org/@xmldom/xmldom/-/xmldom-0.8.11.tgz attempt 2 failed with ENOTFOUND
157 http fetch GET https://registry.npmjs.org/@types/trusted-types/-/trusted-types-2.0.7.tgz attempt 2 failed with ENOTFOUND
158 http fetch GET https://registry.npmjs.org/@types/raf/-/raf-3.4.3.tgz attempt 2 failed with ENOTFOUND
159 http fetch GET https://registry.npmjs.org/xmlbuilder/-/xmlbuilder-10.1.1.tgz attempt 2 failed with ENOTFOUND
160 http fetch GET https://registry.npmjs.org/text-segmentation/-/text-segmentation-1.0.3.tgz attempt 2 failed with ENOTFOUND
161 http fetch GET https://registry.npmjs.org/utrie/-/utrie-1.0.2.tgz attempt 2 failed with ENOTFOUND
162 http fetch GET https://registry.npmjs.org/underscore/-/underscore-1.13.7.tgz attempt 2 failed with ENOTFOUND
163 http fetch GET https://registry.npmjs.org/sprintf-js/-/sprintf-js-1.0.3.tgz attempt 2 failed with ENOTFOUND
164 http fetch GET https://registry.npmjs.org/svg-pathdata/-/svg-pathdata-6.0.3.tgz attempt 2 failed with ENOTFOUND
165 http fetch GET https://registry.npmjs.org/stackblur-canvas/-/stackblur-canvas-2.7.0.tgz attempt 2 failed with ENOTFOUND
166 http fetch GET https://registry.npmjs.org/@types/pako/-/pako-2.0.4.tgz attempt 2 failed with ENOTFOUND
167 http fetch GET https://registry.npmjs.org/setimmediate/-/setimmediate-1.0.5.tgz attempt 2 failed with ENOTFOUND
168 http fetch GET https://registry.npmjs.org/regenerator-runtime/-/regenerator-runtime-0.13.11.tgz attempt 2 failed with ENOTFOUND
169 http fetch GET https://registry.npmjs.org/@babel/runtime/-/runtime-7.28.6.tgz attempt 2 failed with ENOTFOUND
170 http fetch GET https://registry.npmjs.org/performance-now/-/performance-now-2.1.0.tgz attempt 2 failed with ENOTFOUND
171 http fetch GET https://registry.npmjs.org/npm attempt 3 failed with ENOTFOUND
172 http fetch GET https://registry.npmjs.org/@xmldom/xmldom/-/xmldom-0.8.11.tgz attempt 3 failed with ENOTFOUND
173 http fetch GET https://registry.npmjs.org/@types/trusted-types/-/trusted-types-2.0.7.tgz attempt 3 failed with ENOTFOUND
174 verbose reify failed optional dependency /Users/macbook/Downloads/Alwakeelo/node_modules/@types/trusted-types
175 silly reify mark deleted [
175 silly reify   '/Users/macbook/Downloads/Alwakeelo/node_modules/@types/trusted-types'
175 silly reify ]
176 http fetch GET https://registry.npmjs.org/@types/raf/-/raf-3.4.3.tgz attempt 3 failed with ENOTFOUND
177 verbose reify failed optional dependency /Users/macbook/Downloads/Alwakeelo/node_modules/@types/raf
178 silly reify mark deleted [ '/Users/macbook/Downloads/Alwakeelo/node_modules/@types/raf' ]
179 verbose reify failed optional dependency /Users/macbook/Downloads/Alwakeelo/node_modules/canvg
180 silly reify mark deleted [ '/Users/macbook/Downloads/Alwakeelo/node_modules/canvg' ]
181 verbose reify failed optional dependency /Users/macbook/Downloads/Alwakeelo/node_modules/raf
182 silly reify mark deleted [ '/Users/macbook/Downloads/Alwakeelo/node_modules/raf' ]
183 verbose reify failed optional dependency /Users/macbook/Downloads/Alwakeelo/node_modules/regenerator-runtime
184 silly reify mark deleted [
184 silly reify   '/Users/macbook/Downloads/Alwakeelo/node_modules/regenerator-runtime'
184 silly reify ]
185 verbose reify failed optional dependency /Users/macbook/Downloads/Alwakeelo/node_modules/rgbcolor
186 silly reify mark deleted [ '/Users/macbook/Downloads/Alwakeelo/node_modules/rgbcolor' ]
187 verbose reify failed optional dependency /Users/macbook/Downloads/Alwakeelo/node_modules/stackblur-canvas
188 silly reify mark deleted [ '/Users/macbook/Downloads/Alwakeelo/node_modules/stackblur-canvas' ]
189 verbose reify failed optional dependency /Users/macbook/Downloads/Alwakeelo/node_modules/svg-pathdata
190 silly reify mark deleted [ '/Users/macbook/Downloads/Alwakeelo/node_modules/svg-pathdata' ]
191 verbose reify failed optional dependency /Users/macbook/Downloads/Alwakeelo/node_modules/performance-now
192 silly reify mark deleted [ '/Users/macbook/Downloads/Alwakeelo/node_modules/performance-now' ]
193 http fetch GET https://registry.npmjs.org/xmlbuilder/-/xmlbuilder-10.1.1.tgz attempt 3 failed with ENOTFOUND
194 http fetch GET https://registry.npmjs.org/text-segmentation/-/text-segmentation-1.0.3.tgz attempt 3 failed with ENOTFOUND
195 verbose reify failed optional dependency /Users/macbook/Downloads/Alwakeelo/node_modules/text-segmentation
196 silly reify mark deleted [ '/Users/macbook/Downloads/Alwakeelo/node_modules/text-segmentation' ]
197 verbose reify failed optional dependency /Users/macbook/Downloads/Alwakeelo/node_modules/html2canvas
198 silly reify mark deleted [ '/Users/macbook/Downloads/Alwakeelo/node_modules/html2canvas' ]
199 verbose reify failed optional dependency /Users/macbook/Downloads/Alwakeelo/node_modules/utrie
200 silly reify mark deleted [ '/Users/macbook/Downloads/Alwakeelo/node_modules/utrie' ]
201 verbose reify failed optional dependency /Users/macbook/Downloads/Alwakeelo/node_modules/css-line-break
202 silly reify mark deleted [ '/Users/macbook/Downloads/Alwakeelo/node_modules/css-line-break' ]
203 verbose reify failed optional dependency /Users/macbook/Downloads/Alwakeelo/node_modules/base64-arraybuffer
204 silly reify mark deleted [
204 silly reify   '/Users/macbook/Downloads/Alwakeelo/node_modules/base64-arraybuffer'
204 silly reify ]
205 http fetch GET https://registry.npmjs.org/utrie/-/utrie-1.0.2.tgz attempt 3 failed with ENOTFOUND
206 verbose reify failed optional dependency /Users/macbook/Downloads/Alwakeelo/node_modules/utrie
207 silly reify mark deleted [ '/Users/macbook/Downloads/Alwakeelo/node_modules/utrie' ]
208 verbose reify failed optional dependency /Users/macbook/Downloads/Alwakeelo/node_modules/css-line-break
209 silly reify mark deleted [ '/Users/macbook/Downloads/Alwakeelo/node_modules/css-line-break' ]
210 verbose reify failed optional dependency /Users/macbook/Downloads/Alwakeelo/node_modules/text-segmentation
211 silly reify mark deleted [ '/Users/macbook/Downloads/Alwakeelo/node_modules/text-segmentation' ]
212 verbose reify failed optional dependency /Users/macbook/Downloads/Alwakeelo/node_modules/html2canvas
213 silly reify mark deleted [ '/Users/macbook/Downloads/Alwakeelo/node_modules/html2canvas' ]
214 verbose reify failed optional dependency /Users/macbook/Downloads/Alwakeelo/node_modules/base64-arraybuffer
215 silly reify mark deleted [
215 silly reify   '/Users/macbook/Downloads/Alwakeelo/node_modules/base64-arraybuffer'
215 silly reify ]
216 http fetch GET https://registry.npmjs.org/underscore/-/underscore-1.13.7.tgz attempt 3 failed with ENOTFOUND
217 http fetch GET https://registry.npmjs.org/sprintf-js/-/sprintf-js-1.0.3.tgz attempt 3 failed with ENOTFOUND
218 http fetch GET https://registry.npmjs.org/svg-pathdata/-/svg-pathdata-6.0.3.tgz attempt 3 failed with ENOTFOUND
219 verbose reify failed optional dependency /Users/macbook/Downloads/Alwakeelo/node_modules/svg-pathdata
220 silly reify mark deleted [ '/Users/macbook/Downloads/Alwakeelo/node_modules/svg-pathdata' ]
221 verbose reify failed optional dependency /Users/macbook/Downloads/Alwakeelo/node_modules/canvg
222 silly reify mark deleted [ '/Users/macbook/Downloads/Alwakeelo/node_modules/canvg' ]
223 verbose reify failed optional dependency /Users/macbook/Downloads/Alwakeelo/node_modules/@types/raf
224 silly reify mark deleted [ '/Users/macbook/Downloads/Alwakeelo/node_modules/@types/raf' ]
225 verbose reify failed optional dependency /Users/macbook/Downloads/Alwakeelo/node_modules/raf
226 silly reify mark deleted [ '/Users/macbook/Downloads/Alwakeelo/node_modules/raf' ]
227 verbose reify failed optional dependency /Users/macbook/Downloads/Alwakeelo/node_modules/regenerator-runtime
228 silly reify mark deleted [
228 silly reify   '/Users/macbook/Downloads/Alwakeelo/node_modules/regenerator-runtime'
228 silly reify ]
229 verbose reify failed optional dependency /Users/macbook/Downloads/Alwakeelo/node_modules/rgbcolor
230 silly reify mark deleted [ '/Users/macbook/Downloads/Alwakeelo/node_modules/rgbcolor' ]
231 verbose reify failed optional dependency /Users/macbook/Downloads/Alwakeelo/node_modules/stackblur-canvas
232 silly reify mark deleted [ '/Users/macbook/Downloads/Alwakeelo/node_modules/stackblur-canvas' ]
233 verbose reify failed optional dependency /Users/macbook/Downloads/Alwakeelo/node_modules/performance-now
234 silly reify mark deleted [ '/Users/macbook/Downloads/Alwakeelo/node_modules/performance-now' ]
235 http fetch GET https://registry.npmjs.org/stackblur-canvas/-/stackblur-canvas-2.7.0.tgz attempt 3 failed with ENOTFOUND
236 verbose reify failed optional dependency /Users/macbook/Downloads/Alwakeelo/node_modules/stackblur-canvas
237 silly reify mark deleted [ '/Users/macbook/Downloads/Alwakeelo/node_modules/stackblur-canvas' ]
238 verbose reify failed optional dependency /Users/macbook/Downloads/Alwakeelo/node_modules/canvg
239 silly reify mark deleted [ '/Users/macbook/Downloads/Alwakeelo/node_modules/canvg' ]
240 verbose reify failed optional dependency /Users/macbook/Downloads/Alwakeelo/node_modules/@types/raf
241 silly reify mark deleted [ '/Users/macbook/Downloads/Alwakeelo/node_modules/@types/raf' ]
242 verbose reify failed optional dependency /Users/macbook/Downloads/Alwakeelo/node_modules/raf
243 silly reify mark deleted [ '/Users/macbook/Downloads/Alwakeelo/node_modules/raf' ]
244 verbose reify failed optional dependency /Users/macbook/Downloads/Alwakeelo/node_modules/regenerator-runtime
245 silly reify mark deleted [
245 silly reify   '/Users/macbook/Downloads/Alwakeelo/node_modules/regenerator-runtime'
245 silly reify ]
246 verbose reify failed optional dependency /Users/macbook/Downloads/Alwakeelo/node_modules/rgbcolor
247 silly reify mark deleted [ '/Users/macbook/Downloads/Alwakeelo/node_modules/rgbcolor' ]
248 verbose reify failed optional dependency /Users/macbook/Downloads/Alwakeelo/node_modules/svg-pathdata
249 silly reify mark deleted [ '/Users/macbook/Downloads/Alwakeelo/node_modules/svg-pathdata' ]
250 verbose reify failed optional dependency /Users/macbook/Downloads/Alwakeelo/node_modules/performance-now
251 silly reify mark deleted [ '/Users/macbook/Downloads/Alwakeelo/node_modules/performance-now' ]
252 http fetch GET https://registry.npmjs.org/@types/pako/-/pako-2.0.4.tgz attempt 3 failed with ENOTFOUND
253 http fetch GET https://registry.npmjs.org/setimmediate/-/setimmediate-1.0.5.tgz attempt 3 failed with ENOTFOUND
254 http fetch GET https://registry.npmjs.org/regenerator-runtime/-/regenerator-runtime-0.13.11.tgz attempt 3 failed with ENOTFOUND
255 verbose reify failed optional dependency /Users/macbook/Downloads/Alwakeelo/node_modules/regenerator-runtime
256 silly reify mark deleted [
256 silly reify   '/Users/macbook/Downloads/Alwakeelo/node_modules/regenerator-runtime'
256 silly reify ]
257 verbose reify failed optional dependency /Users/macbook/Downloads/Alwakeelo/node_modules/canvg
258 silly reify mark deleted [ '/Users/macbook/Downloads/Alwakeelo/node_modules/canvg' ]
259 verbose reify failed optional dependency /Users/macbook/Downloads/Alwakeelo/node_modules/@types/raf
260 silly reify mark deleted [ '/Users/macbook/Downloads/Alwakeelo/node_modules/@types/raf' ]
261 verbose reify failed optional dependency /Users/macbook/Downloads/Alwakeelo/node_modules/raf
262 silly reify mark deleted [ '/Users/macbook/Downloads/Alwakeelo/node_modules/raf' ]
263 verbose reify failed optional dependency /Users/macbook/Downloads/Alwakeelo/node_modules/rgbcolor
264 silly reify mark deleted [ '/Users/macbook/Downloads/Alwakeelo/node_modules/rgbcolor' ]
265 verbose reify failed optional dependency /Users/macbook/Downloads/Alwakeelo/node_modules/stackblur-canvas
266 silly reify mark deleted [ '/Users/macbook/Downloads/Alwakeelo/node_modules/stackblur-canvas' ]
267 verbose reify failed optional dependency /Users/macbook/Downloads/Alwakeelo/node_modules/svg-pathdata
268 silly reify mark deleted [ '/Users/macbook/Downloads/Alwakeelo/node_modules/svg-pathdata' ]
269 verbose reify failed optional dependency /Users/macbook/Downloads/Alwakeelo/node_modules/performance-now
270 silly reify mark deleted [ '/Users/macbook/Downloads/Alwakeelo/node_modules/performance-now' ]
271 http fetch GET https://registry.npmjs.org/@babel/runtime/-/runtime-7.28.6.tgz attempt 3 failed with ENOTFOUND
272 http fetch GET https://registry.npmjs.org/performance-now/-/performance-now-2.1.0.tgz attempt 3 failed with ENOTFOUND
273 verbose reify failed optional dependency /Users/macbook/Downloads/Alwakeelo/node_modules/performance-now
274 silly reify mark deleted [ '/Users/macbook/Downloads/Alwakeelo/node_modules/performance-now' ]
275 verbose reify failed optional dependency /Users/macbook/Downloads/Alwakeelo/node_modules/raf
276 silly reify mark deleted [ '/Users/macbook/Downloads/Alwakeelo/node_modules/raf' ]
277 verbose reify failed optional dependency /Users/macbook/Downloads/Alwakeelo/node_modules/canvg
278 silly reify mark deleted [ '/Users/macbook/Downloads/Alwakeelo/node_modules/canvg' ]
279 verbose reify failed optional dependency /Users/macbook/Downloads/Alwakeelo/node_modules/@types/raf
280 silly reify mark deleted [ '/Users/macbook/Downloads/Alwakeelo/node_modules/@types/raf' ]
281 verbose reify failed optional dependency /Users/macbook/Downloads/Alwakeelo/node_modules/regenerator-runtime
282 silly reify mark deleted [
282 silly reify   '/Users/macbook/Downloads/Alwakeelo/node_modules/regenerator-runtime'
282 silly reify ]
283 verbose reify failed optional dependency /Users/macbook/Downloads/Alwakeelo/node_modules/rgbcolor
284 silly reify mark deleted [ '/Users/macbook/Downloads/Alwakeelo/node_modules/rgbcolor' ]
285 verbose reify failed optional dependency /Users/macbook/Downloads/Alwakeelo/node_modules/stackblur-canvas
286 silly reify mark deleted [ '/Users/macbook/Downloads/Alwakeelo/node_modules/stackblur-canvas' ]
287 verbose reify failed optional dependency /Users/macbook/Downloads/Alwakeelo/node_modules/svg-pathdata
288 silly reify mark deleted [ '/Users/macbook/Downloads/Alwakeelo/node_modules/svg-pathdata' ]
289 verbose cwd /Users/macbook/Downloads/Alwakeelo
290 verbose os Darwin 25.3.0
291 verbose node v25.6.1
292 verbose npm  v11.9.0
293 error Exit handler never called!
294 error This is an error with npm itself. Please report this error at:
295 error   <https://github.com/npm/cli/issues>
296 verbose exit 1
297 verbose code 1
298 error A complete log of this run can be found in: /Users/macbook/Downloads/Alwakeelo/.npm-cache/_logs/2026-02-28T09_47_21_088Z-debug-0.log
